C51 COMPILER V9.01   结业作业                                                              08/14/2018 15:31:57 PAGE 1   


C51 COMPILER V9.01, COMPILATION OF MODULE 结业作业
OBJECT MODULE PLACED IN 结业作业.OBJ
COMPILER INVOKED BY: E:\C51\BIN\C51.EXE 结业作业.c BROWSE DEBUG OBJECTEXTEND

line level    source

   1          #include <reg51.h>
   2          #include <absacc.h>
   3          #define uchar unsigned char
   4          #define uint unsigned int
   5          
   6          void delayms(uint xms)           //延时
   7          {
   8   1              int i,j;
   9   1              for(i=xms;i>0;i--)
  10   1                      for(j=112;j>0;j--);
  11   1      }
  12          
  13          uchar code dispcode[]={0x3F,0x06,0x5B,0x4F,0x66,        //七段共阴管
  14                                                          0x6D,0x7D,0x07,0x7F,0x6F,
  15                                                          0xBF,0x86,0XCB,0XCF,0XEF,
  16                                                          0XED,0XFD,0X87,0XFF,0XDF};
  17          
  18          sbit P3_0=P3^0;    //引脚
  19          sbit P3_1=P3^1;
  20          sbit P3_2=P3^2;
  21          sbit P3_7=P3^7;
  22          sbit P1_0=P1^0;
  23          sbit P1_1=P1^1;
  24          sbit alarm=P3^7;
  25          uchar sec,min,hour,sec1,min1,hour1,mstcnt;
  26          
  27          void time()                //时间处理
  28          {
  29   1              if(sec==60)
  30   1              {
  31   2                      sec=0;
  32   2                      min++;
  33   2              }
  34   1              if(min==60)
  35   1              {
  36   2                      min=0;
  37   2                      hour++;
  38   2              }
  39   1              if(hour==24)
  40   1              {
  41   2                      hour=0;
  42   2              }
  43   1      }
  44          
  45          void display()                                   //显示函数
  46          {
  47   1              P2=0xfe;    
  48   1          P0=dispcode[hour/10];            //显示小时的十位    
  49   1          delayms(2);    
  50   1          P2=0xfd;     
  51   1          P0=dispcode[hour%10];          //显示小时的个位        
  52   1          delayms(2);     
  53   1          P2=0xfb;      
  54   1          P0=dispcode[min/10];          //显示分的十位    
  55   1          delayms(2);      
C51 COMPILER V9.01   结业作业                                                              08/14/2018 15:31:57 PAGE 2   

  56   1          P2=0xf7;       
  57   1          P0=dispcode[min%10];          //显示分的个位      
  58   1          delayms(2);      
  59   1          P2=0xef;
  60   1          P0=dispcode[sec/10];          //显示秒的十位     
  61   1          delayms(2);     
  62   1          P2=0xdf;     
  63   1          P0=dispcode[sec%10];          //显示秒的个位     
  64   1          delayms(2);
  65   1      }
  66          
  67          void keyscan()
  68          {
  69   1              if(P3_0==0)
  70   1              {
  71   2                      delayms(5);
  72   2                      if(P3_0==0)
  73   2                      {
  74   3                              sec++;
  75   3                              if(sec==60)
  76   3                              {
  77   4                                      sec=0;
  78   4                              }
  79   3                      }
  80   2              }
  81   1      
  82   1              if(P3_1==0)
  83   1              {
  84   2                      delayms(5);
  85   2                      if(P3_1==0)
  86   2                      {
  87   3                              min++;
  88   3                              if(min==60)
  89   3                              {
  90   4                                      min=0;
  91   4                              }
  92   3                      }
  93   2              }
  94   1              if(P3_2==0)
  95   1              {
  96   2                      delayms(5);
  97   2                      if(P3_2==0)
  98   2                      {
  99   3                              hour++;
 100   3                              if(hour==24)
 101   3                              {
 102   4                                      hour=0;
 103   4                              }
 104   3                      }
 105   2              }
 106   1      }
 107          
 108          void timer0() interrupt 1
 109          {
 110   1              TH0=(65536-50000)/256;                    //定时50ms
 111   1              TL0=(65536-50000)%256;
 112   1              TMOD=0X01;                        //2种定时器0001 0001
 113   1              mstcnt++;
 114   1              if(mstcnt==20)
 115   1              {       
 116   2                      sec++;
 117   2                      mstcnt=0;
C51 COMPILER V9.01   结业作业                                                              08/14/2018 15:31:57 PAGE 3   

 118   2              }
 119   1      }
 120          void time__()
 121          {
 122   1              if(sec1==60)
 123   1                       {  sec1=0;  min1++;
 124   2                          if(min1==60)
 125   2                              {  min1=0;  hour1++;
 126   3                                if(hour1==24)
 127   3                                {  hour1=0; } }  }
 128   1      }
 129          void keyscan__()
 130          {
 131   1              if(P3_0==0)
 132   1              {
 133   2                      delayms(5);
 134   2                      if(P3_0==0)
 135   2                      {
 136   3                              sec1++;
 137   3                              if(sec1==60)
 138   3                              {
 139   4                                      sec1=0;
 140   4                              }
 141   3                      }
 142   2              }
 143   1      
 144   1              if(P3_1==0)
 145   1              {
 146   2                      delayms(5);
 147   2                      if(P3_1==0)
 148   2                      {
 149   3                              min1++;
 150   3                              if(min1==60)
 151   3                              {
 152   4                                      min1=0;
 153   4                              }
 154   3                      }
 155   2              }
 156   1              if(P3_2==0)
 157   1              {
 158   2                      delayms(5);
 159   2                      if(P3_2==0)
 160   2                      {
 161   3                              hour1++;
 162   3                              if(hour1==24)
 163   3                              {
 164   4                                      hour1=0;
 165   4                              }
 166   3                      }
 167   2              }
 168   1      }
 169          void display__()                                  //闹钟显示函数
 170          {   
 171   1              P2=0xfe;    
 172   1          P0=dispcode[hour1/10];            //显示小时的十位    
 173   1          delayms(2);    
 174   1          P2=0xfd;     
 175   1          P0=dispcode[hour1%10];            //显示小时的个位        
 176   1          delayms(2);     
 177   1          P2=0xfb;      
 178   1          P0=dispcode[min1/10];          //显示分的十位    
 179   1          delayms(2);      
C51 COMPILER V9.01   结业作业                                                              08/14/2018 15:31:57 PAGE 4   

 180   1          P2=0xf7;       
 181   1          P0=dispcode[min1%10];          //显示分的个位      
 182   1          delayms(2);      
 183   1          P2=0xef;
 184   1          P0=dispcode[sec1/10];          //显示秒的十位     
 185   1          delayms(2);     
 186   1          P2=0xdf;     
 187   1          P0=dispcode[sec1%10];          //显示秒的个位     
 188   1          delayms(2);
 189   1      }
 190          
 191          void main()
 192          {
 193   1              TH0=(65536-50000)/256;                    //定时50ms
 194   1              TL0=(65536-50000)%256;
 195   1              TMOD=0X01;
 196   1              EA=1;
 197   1              ET0=1; 
 198   1              TR0=1;
 199   1              while(1)
 200   1              {
 201   2                      time();
 202   2                      keyscan();
 203   2                      display();
 204   2                      if(P1_0==0)
 205   2                      {
 206   3                              time__();
 207   3                              keyscan__();
 208   3                              display__();
 209   3                      }
 210   2                      if(sec1==sec&&min1==min&&hour1==hour)
 211   2                      {
 212   3                              alarm=~alarm;
 213   3                      }       
 214   2                              
 215   2              }
 216   1      }


MODULE INFORMATION:   STATIC OVERLAYABLE
   CODE SIZE        =    480    ----
   CONSTANT SIZE    =     20    ----
   XDATA SIZE       =   ----    ----
   PDATA SIZE       =   ----    ----
   DATA SIZE        =      7    ----
   IDATA SIZE       =   ----    ----
   BIT SIZE         =   ----    ----
END OF MODULE INFORMATION.


C51 COMPILATION COMPLETE.  0 WARNING(S),  0 ERROR(S)
